// Jest Snapshot v1, https://goo.gl/fbAQLP

exports[`Index page loads correctly 1`] = `
<View
  style={
    [
      {
        "backgroundColor": "#fff",
      },
      {
        "alignItems": "center",
        "flex": 1,
        "justifyContent": "center",
      },
    ]
  }
>
  <Text
    style={
      [
        {
          "color": "#000",
        },
        {
          "fontSize": 20,
          "fontWeight": "bold",
        },
      ]
    }
  >
    Modal
  </Text>
  <View
    style={
      [
        {
          "backgroundColor": "#eee",
        },
        {
          "height": 1,
          "marginVertical": 30,
          "width": "80%",
        },
      ]
    }
  />
</View>
`;
